[backblue.gif]
[fade.gif]
[index.html]
[cdnjs.cloudflare.com/ajax/libs/font-awesome/4.7.0/css/font-awesome.min.css]
[iceico.in/assets/img/Group 1.png]
[iceico.in/assets/img/[CITYPNG 2.png]
[iceico.in/assets/img/Group55.png]
[iceico.in/assets/img/title-underline.jpg]
[iceico.in/assets/img/01.png]
[iceico.in/assets/img/logo1.png]
[iceico.in/assets/img/logo2.png]
[iceico.in/assets/img/02.png]
[iceico.in/assets/img/03.png]
[iceico.in/assets/img/logo3.png]
[iceico.in/assets/img/FintechBanking.jpg]
[iceico.in/assets/img/Tech and Banking.jpg]
[iceico.in/assets/img/trends in digital lending.jpg]
[iceico.in/assets/img/Blockchain in tracing organic cotton_Nagarro.jpg]
[iceico.in/assets/img/Fintech blog-Banner.jpg]
[iceico.in/assets/img/consensus_tile.png]
[iceico.in/assets/vendor/aos/aos.js]
[iceico.in/assets/vendor/bootstrap/js/bootstrap.bundle.min.js]
[iceico.in/assets/vendor/glightbox/js/glightbox.min.js]
[iceico.in/assets/vendor/isotope-layout/isotope.pkgd.min.js]
[iceico.in/assets/vendor/swiper/swiper-bundle.min.js]
[iceico.in/assets/vendor/php-email-form/validate.js]
[iceico.in/assets/js/main.js]
[iceico.in/index.html]
[iceico.in/assets/img/apple-touch-icon.html]
[cdnjs.cloudflare.com/ajax/libs/font-awesome/4.7.0/css/font-awesome.min.css]
[iceico.in/assets/vendor/aos/aos.css]
[iceico.in/assets/vendor/bootstrap/css/bootstrap.min.css]
[iceico.in/assets/vendor/bootstrap-icons/fonts/bootstrap-iconsf114.woff2]
[iceico.in/assets/vendor/bootstrap-icons/fonts/bootstrap-iconsf114.woff]
[iceico.in/assets/vendor/bootstrap-icons/bootstrap-icons.css]
[iceico.in/assets/vendor/boxicons/fonts/boxicons.eot]
[iceico.in/assets/vendor/boxicons/fonts/boxicons.woff2]
[iceico.in/assets/vendor/boxicons/fonts/boxicons.woff]
[iceico.in/assets/vendor/boxicons/fonts/boxicons.ttf]
[iceico.in/assets/vendor/boxicons/css/boxicons.min.css]
[iceico.in/assets/vendor/glightbox/css/glightbox.min.css]
[iceico.in/assets/vendor/swiper/swiper-bundle.min.css]
[iceico.in/assets/img/backgroundimage1.png]
[iceico.in/assets/img/backgroung-images2.png]
[iceico.in/assets/img/backgroung-images2-reverse.png]
[iceico.in/assets/img/straightarrow.png]
[iceico.in/assets/img/bi_arrow-down-circle-fill.png]
[iceico.in/assets/img/Rectangle 50.png]
[iceico.in/assets/img/footer-background-img.png]
[iceico.in/assets/img/imagebg.png]
[iceico.in/assets/img/backgroundabout.png]
[iceico.in/assets/css/style.css]
[iceico.in/index-2.html]
[iceico.in/industries.html]
[cdn.jsdelivr.net/npm/bootstrap@5.0.2/dist/css/bootstrap.min.css]
[cdnjs.cloudflare.com/ajax/libs/jquery/3.6.3/jquery.min.js]
[www.nagarro.com/hubfs/admiral_ss.jpg]
[www.nagarro.com/hubfs/Nagarro-March2018-Theme/Greentube.png]
[www.nagarro.com/hubfs/Nagarro-March2018-Theme/Greentube-white.png]
[www.nagarro.com/hubfs/Nagarro-March2018-Theme/website-industry/gaming-successstory.jpg]
[www.nagarro.com/hubfs/Nagarro-March2018-Theme/TOMHORN-Color.png]
[www.nagarro.com/hubfs/tomhorn-portfolio (1).png]
[www.nagarro.com/hubfs/Nagarro-March2018-Theme/Nagarro brings greater agility across teams for Tom Horn Gaming-Tile.jpg]
[iceico.in/assets/img/BALLY_WULFF_ICE.jpg]
[iceico.in/assets/img/quote-start.jpg]
[iceico.in/assets/img/quote-end.jpg]
[iceico.in/assets/img/logo-new.jpg]
[iceico.in/assets/img/Anibrain_logo-black.jpg]
[iceico.in/assets/img/Responsible-Casino-Gaming-Tile.jpg]
[iceico.in/assets/img/Online-Casino-Gaming-Tile.jpg]
[iceico.in/assets/img/Onlinegaming-Tile.jpg]
[iceico.in/assets/img/Slot Games-Tile.jpg]
[iceico.in/assets/img/GamingMatrix_Tile.jpg]
[iceico.in/assets/img/gaming-tile.jpg]
[iceico.in/assets/js/img_slider.js]
[iceico.in/gaming.html]
[iceico.in/assets/img/Vector 27.png]
[www.nagarro.com/hubfs/2022 wrap-up.jpg]
[www.nagarro.com/hubfs/HIV testing.png]
[iceico.in/assets/img/discovery.png]
[iceico.in/assets/img/Healthcare delivery .png]
[iceico.in/assets/img/Real-world evidence.png]
[iceico.in/assets/img/Manufacturing and supply.png]
[iceico.in/assets/img/Commercial operations.png]
[iceico.in/assets/img/Hospitals and laboratories-1.png]
[iceico.in/assets/img/Asset.png]
[iceico.in/assets/img/image-Oct.png]
[iceico.in/assets/img/image-Oct-12.png]
[iceico.in/assets/img/image-2 (1).png]
[iceico.in/assets/img/image-Oct-12-2022.png]
[iceico.in/assets/img/image-Oct-12-2022-1.png]
[iceico.in/assets/img/image-5 (1).png]
[iceico.in/assets/img/image-Oct-12-2022-11.png]
[iceico.in/assets/img/lc_1.webp]
[iceico.in/assets/img/lc_2.webp]
[iceico.in/assets/img/lc_3.webp]
[iceico.in/assets/img/lc_4.webp]
[iceico.in/assets/img/lc_5.webp]
[iceico.in/assets/img/lc_6.webp]
[iceico.in/assets/img/DataInventa.png]
[iceico.in/assets/img/google.png]
[iceico.in/assets/img/Pistoia_Logo_.png]
[iceico.in/assets/img/sap-logo.png]
[iceico.in/assets/js/drager.js]
[iceico.in/assets/js/slider.js]
[iceico.in/life-sciences.html]
[iceico.in/assets/img/Ad monetization for a beauty retailer_tile.jpg]
[iceico.in/assets/img/Automated-content_tagging.jpg]
[iceico.in/assets/img/Automated-feed-generation-public-broadcaster.jpg]
[iceico.in/assets/img/Massive-expanding-to-new-platforms-tile.jpg]
[iceico.in/assets/img/Adform-logo-case-study.png]
[iceico.in/assets/img/pexels-fauxels-3184422_mobile.jpg]
[iceico.in/assets/img/Case-study2.jpg]
[iceico.in/assets/img/Case-study3.jpg]
[iceico.in/assets/img/Case-study4.jpg]
[iceico.in/assets/img/adform-logo-1.png]
[iceico.in/assets/img/SNO-SnowflakeLogo_blue-1.png]
[iceico.in/assets/img/Axinom logo png1-2.png]
[iceico.in/assets/img/Brightcove short logo.png]
[iceico.in/assets/img/azure.png]
[iceico.in/assets/img/Metaverse in media and gaming_tile.jpg]
[iceico.in/assets/img/OTT-Monetization-M-min.jpg]
[iceico.in/assets/img/Adtech-Martech-M-min1.jpg]
[iceico.in/assets/img/Advertising-trends.jpg]
[iceico.in/assets/img/OTT-QA-Tile-min.jpg]
[iceico.in/assets/img/VOD-OTT-Tile.jpg]
[iceico.in/media.html]
[kit.fontawesome.com/4669dfa340.js]
[iceico.in/assets/img/AdobeStock_359512959_banner.jpg]
[iceico.in/assets/img/mentorme-logo-color-200px.png]
[iceico.in/assets/img/MentorMe Success Story_Modernizing a mentoring platform_success story tile.jpg]
[iceico.in/assets/img/AdobeStock_280704717_banner_featured.jpg]
[iceico.in/assets/img/Plaksha-University.png]
[iceico.in/assets/img/Plaksha_featured-tile.jpg]
[iceico.in/assets/img/SaaS_banner-featured-tile.jpg]
[iceico.in/assets/img/Blackbaud Color Logo with Tag_transparent.png]
[iceico.in/assets/img/Salesforce-logo.png]
[iceico.in/assets/img/volunteer profiling to boost recruitment in your nonprofit__.jpg]
[iceico.in/assets/img/measure fundraising success of nonprofits_MOBILE.jpg]
[iceico.in/assets/img/Business Intelligence for Nonprofits-M-min.jpg]
[iceico.in/assets/img/LMS-Homepage-Tile-min.jpg]
[iceico.in/assets/img/VR-Blockchain-for-non-profits-Tile.jpg]
[iceico.in/assets/img/AI-ML-Tile.jpg]
[iceico.in/assets/js/slick.min.js]
[iceico.in/non-profits.html]
[iceico.in/assets/img/download (4).png]
[iceico.in/assets/img/Schrack_Technik_Tile.jpg]
[iceico.in/assets/img/retail giant case study_nagarro.jpg]
[iceico.in/assets/img/Infor-1.png]
[iceico.in/assets/img/OVC Logo transparent.png]
[iceico.in/assets/img/Upgrading hybris-Tile.jpg]
[iceico.in/assets/img/omni-channel eCommerce presence for better customer satisfaction-Tile.jpg]
[iceico.in/assets/img/omnichannel-experience.png]
[iceico.in/assets/img/Customer360.png]
[iceico.in/assets/img/Customer-digital-Tile.jpg]
[iceico.in/retails.html]
[iceico.in/assets/img/Resilience icon.png]
[iceico.in/assets/img/Intelligence icon.png]
[iceico.in/assets/img/sustainability icon.png]
[iceico.in/assets/img/Experience icon.png]
[iceico.in/assets/img/energy management@3x-8 1-1.png]
[iceico.in/assets/img/security@3x-8 1-1.png]
[iceico.in/assets/img/automation@3x-8 1-2.png]
[iceico.in/assets/img/Smart buildings IoT accelerator.jpg]
[iceico.in/assets/img/Sustainability - Smart buildings.jpg]
[iceico.in/assets/img/Smart buildings accelerator-1.jpg]
[iceico.in/assets/img/CAIP - Smart buildings.jpg]
[iceico.in/assets/img/Picture1-Aug-23-2022-01-48-01-93-PM.png]
[iceico.in/assets/img/Smartbuildings FOTA thumbnail.jpg]
[iceico.in/assets/img/AdobeStock_281429883.jpg]
[iceico.in/smart-buildings.html]
[iceico.in/all_services.html]
[cdnjs.cloudflare.com/ajax/libs/font-awesome/5.15.4/css/all.min.css]
[iceico.in/assets/img/video thumbnail.png]
[iceico.in/assets/img/image2.png]
[iceico.in/assets/img/image-1.png]
[iceico.in/assets/img/image-2.png]
[iceico.in/assets/img/Vienna.png]
[iceico.in/assets/img/VIE-SucessStory.jpg]
[iceico.in/assets/img/Innovation with value based portfolio management-SS_Tile.jpg]
[iceico.in/assets/img/Cultivating an agile mindset for Veroo-SS-Tile.jpg]
[iceico.in/assets/img/E&U-SuccessStory-2.jpg]
[iceico.in/assets/img/Greentube-white.png]
[iceico.in/assets/img/gaming-successstory.jpg]
[iceico.in/assets/img/8-recipes-blog.png]
[iceico.in/assets/img/MicrosoftTeams-image.png]
[iceico.in/assets/img/women.png]
[iceico.in/assets/img/ai-testing-ai-banner.png]
[iceico.in/assets/img/NextLevel.png]
[iceico.in/assets/img/QA-next-level-M-min.png]
[iceico.in/assets/img/Software Quality.png]
[iceico.in/assets/img/Mobile Banner_Dandelion.png]
[iceico.in/accelerated-quality.html]
[iceico.in/assets/img/Logo_Admiral.png]
[iceico.in/assets/img/Admiral_SuccessStory Homepage.jpg]
[iceico.in/assets/img/Tom-horn-vertical-1.png]
[iceico.in/assets/img/Nagarro brings greater agility across teams for Tom Horn Gaming.jpg]
[iceico.in/assets/img/Gaming-720x442.jpg]
[iceico.in/assets/img/Atlassian-1.png]
[iceico.in/assets/img/Member-Organization-2-300x300.png]
[iceico.in/assets/img/azure-250.png]
[iceico.in/assets/img/Kendis_partner.png]
[iceico.in/assets/img/Starter Kit for enabling business agility_Tile.png]
[iceico.in/assets/img/Agilewaysofworking-blog-B.jpg]
[iceico.in/assets/img/bug fixing in scrum team velocity-B.jpg]
[iceico.in/assets/img/Enterprise agile transformation pitfalls-B.jpg]
[iceico.in/assets/img/shutterstock_1009705840_tile.jpg]
[iceico.in/agile.html]
[iceico.in/assets/img/API-enabled Banking.png]
[iceico.in/assets/img/Flying high, powered by API.png]
[iceico.in/assets/img/Accelerate innovation in automotives with API marketplaces.png]
[iceico.in/assets/img/AdobeStock_397527752-new-featured-tile.jpg]
[iceico.in/assets/img/Expanding API-enabled banking operations_featured-image-tile.jpg]
[iceico.in/assets/img/RuV_Logo_Blau.png]
[iceico.in/assets/img/R+V.jpg]
[iceico.in/assets/img/Apigee_logo.svg.png]
[iceico.in/assets/img/wso2-logo.png]
[iceico.in/assets/img/Broadcom.png]
[iceico.in/assets/img/APIIDA-Logo-mit-Claim-2C.jpg]
[iceico.in/assets/img/APIM-Digital-Transformation-F-min.jpg]
[iceico.in/assets/img/APIM-Data-Security-M-min.jpg]
[iceico.in/assets/img/video_apim.png]
[iceico.in/assets/img/API pitfalls_blog_tile.jpg]
[iceico.in/assets/img/AdobeStock_359397898_Open_Banking_WhitePaper_Banner_featured-tile.jpg]
[iceico.in/assets/img/cover_whitepaper.jpg]
[iceico.in/assets/img/bfsi_flyer_tile.jpg]
[iceico.in/assets/img/Automotive2_0.jpg]
[iceico.in/assets/img/apim-aviation-webinar-airline newsletter.png]
[iceico.in/api-mgmt.html]
[iceico.in/assets/img/obf.png]
[iceico.in/assets/img/Nagarro builds unified platform to streamline communication and administration.jpg]
[iceico.in/assets/img/Hoerbiger_Holding_Logo.png]
[iceico.in/assets/img/One-stop solution for service management.jpg]
[iceico.in/assets/img/infrastruture-cities-rail-systems_SIEMENS.jpg]
[iceico.in/assets/img/SIEMENS_160-White.png]
[iceico.in/assets/img/google-logo-png-hd-11.png]
[iceico.in/assets/img/Knowledge Management_B.jpg]
[iceico.in/assets/img/Continuous-Everything_tile.png]
[iceico.in/assets/img/express_delivery_tile.png]
[iceico.in/assets/img/DS_The_Dice_img_tile.png]
[iceico.in/assets/img/Cropped_White-paper-Microsoft-ALM-tools-Landing-page-2.jpg]
[iceico.in/app-develop.html]
[iceico.in/assets/img/Trodat_Logo.svg.png]
[iceico.in/assets/img/trodat-750.jpg]
[iceico.in/assets/img/servicenow-logo-new.png]
[iceico.in/assets/img/Zendesk-Logo-1.jpg]
[iceico.in/assets/img/Landing Page Banner_COVID AI Webinar_Nagarro_Jun2020_tile.jpg]
[iceico.in/assets/img/chatbot blog 2.png]
[iceico.in/assets/img/optimization.jpg]
[iceico.in/assets/img/Amplifying the Utility of CI-CT-CD in AMS_developers working_for social.png]
[iceico.in/assets/img/desktopbanner-integrated-work-management-1.jpg]
[iceico.in/assets/img/Knowledge management 720x442.png]
[iceico.in/app-manage.html]
[iceico.in/assets/img/image_Hood.png]
[iceico.in/assets/img/big data engineering_tile.png]
[iceico.in/assets/img/AI ML_tile.png]
[iceico.in/assets/img/Data science_tile.png]
[iceico.in/assets/img/Analytics_tile.png]
[iceico.in/assets/img/AI page thumnail 2.jpg]
[iceico.in/assets/img/AI page thumnail 1.jpg]
[iceico.in/assets/img/Decision intelligence solutions.jpg]
[iceico.in/assets/img/AI page thumbnail 5.jpg]
[iceico.in/assets/img/AI page thumbail 4.png]
[iceico.in/assets/img/AI page thumbail 3-1.png]
[iceico.in/assets/img/AI_tile.jpg]
[iceico.in/assets/img/Automotive banner.jpg]
[iceico.in/assets/img/AI4T_Data Generator_feat.jpg]
[iceico.in/assets/img/AI inventory management.jpg]
[iceico.in/assets/img/Acko big data page-min.jpg]
[iceico.in/assets/img/Industrial worker Big data pae thumbnail.jpg]
[iceico.in/assets/img/Databricks_logo1.png]
[iceico.in/assets/img/denodo-logo.png]
[iceico.in/assets/img/H_esriPartnerNet-bronze_sRGB.png]
[iceico.in/assets/img/SRI-logo-desktop-619x177-1-1.png]
[iceico.in/assets/img/OvalEdge_logo_landscape_.png]
[iceico.in/assets/img/octopai logo.jpg]
[iceico.in/assets/img/reltio-logo.png]
[iceico.in/assets/img/two-businessmen-pointing-laptop-screen-while-discussing.jpg]
[iceico.in/assets/img/Nonprofits predictive analytics 720x442.jpg]
[iceico.in/assets/img/Data governance framework mobile-min.jpg]
[iceico.in/assets/img/artificial intelligence in supply chain management_tile.jpg]
[iceico.in/assets/img/Data mesh_Snowflake Webinar_Invitation Mailer.jpg]
[iceico.in/assets/img/Data analytics mobile.jpg]
[iceico.in/ai-da.html]
[iceico.in/assets/img/FintechBanking-B.jpg]
[iceico.in/assets/img/Tech and Banking - B.jpg]
[iceico.in/assets/img/2020 trends in digital lending_B.jpg]
[iceico.in/assets/img/Blockchain in tracing organic cotton_Nagarro_B.jpg]
[iceico.in/blockchain.html]
[iceico.in/assets/img/Andritz_145-Color.png]
[iceico.in/assets/img/Andritz.png]
[iceico.in/assets/img/Andritz_160-White.png]
[iceico.in/assets/img/newenterprise_thumb.jpg]
[iceico.in/assets/img/Coronavirus Outbreak_QLC Remote.jpg]
[iceico.in/assets/img/Nagarro_QLC-cloud_banner.jpg]
[iceico.in/assets/img/EdgeSecurity_Banner.jpg]
[iceico.in/assets/img/iStock_000019297039_1024x630_tile.jpg]
[iceico.in/assets/img/microservices_tile.jpg]
[iceico.in/cloud.html]
[iceico.in/assets/img/Automic-Logotype-Black.png]
[iceico.in/assets/img/shutterstock_366626837-1.jpg]
[iceico.in/assets/img/AMP_160-White.png]
[iceico.in/assets/img/Microsoft_Dynamics_Logo.svg.png]
[iceico.in/assets/img/Oracle-Logo.png]
[iceico.in/assets/img/LeadSquared-logo_web.png]
[iceico.in/assets/img/marketo-large-01-558x249-1.png]
[iceico.in/assets/img/Miclient-Logo_Web.png]
[iceico.in/assets/img/Click Dimension.png]
[iceico.in/assets/img/1440x990 (1).jpg]
[iceico.in/assets/img/Customer360_Banner image.jpg]
[iceico.in/assets/img/shutterstock_577254667_tile.jpg]
[iceico.in/assets/img/CRM-Tile.jpg]
[iceico.in/crm.html]
[iceico.in/assets/img/AdobeStock_274253442-min-AG.jpg]
[iceico.in/assets/img/CCM-hands.jpg]
[iceico.in/assets/img/AdobeStock_568279856-min-AG.jpg]
[iceico.in/customer-communications.html]
[iceico.in/assets/img/dribbble_illustration_4x.jpg]
[iceico.in/assets/img/Design-System-Tile.jpg]
[iceico.in/assets/img/TNT blog Cover mobile.jpg]
[iceico.in/assets/img/2_1272x550.png]
[iceico.in/design.html]
[iceico.in/assets/img/DevOps Workshop 2.jpg]
[iceico.in/assets/img/striving for business resilience in a team.jpg]
[iceico.in/assets/img/Devops_featuretile.jpg]
[iceico.in/assets/img/BigData - desktop.jpg]
[iceico.in/assets/img/DevSecOps over AWS Cloud_desktop.jpg]
[iceico.in/assets/img/cars_desktop-1.jpg]
[iceico.in/assets/img/DevOps for databases-M-min.jpg]
[iceico.in/assets/img/Shifting from project centric to product centric delivery model-D-min.jpg]
[iceico.in/assets/img/StateOfDevops2021_desktop.jpg]
[iceico.in/assets/img/Devops_banner.jpg]
[iceico.in/assets/img/DevOps2.jpg]
[iceico.in/assets/img/Resilence-Testing_tools-M-min.jpg]
[iceico.in/assets/img/Chaos-Kubernetes-mob.jpg]
[iceico.in/assets/img/innovation_tile.png]
[iceico.in/assets/img/Avoid pitfalls_Mobile Banner.png]
[iceico.in/devops.html]
[iceico.in/assets/img/FF-Logo_Horizontal-300x130-1.png]
[iceico.in/assets/img/FF.png]
[iceico.in/assets/img/eCommerce_household furniture.jpg]
[iceico.in/assets/img/1024px-Magento.svg.png]
[iceico.in/assets/img/amazonws.png]
[iceico.in/assets/img/image34-1.jpg]
[iceico.in/assets/img/banner-img.jpg]
[iceico.in/assets/img/Omnichannel_Tile.jpg]
[iceico.in/digital-commerce.html]
[iceico.in/assets/img/Frame 4150.png]
[iceico.in/assets/img/Frame 4151.png]
[iceico.in/assets/img/Genome.jpg]
[iceico.in/assets/img/Frame 4152-1.png]
[iceico.in/assets/img/1024px-Google_2015_logo 1.png]
[iceico.in/assets/img/1024px-Google_2015_logo 1-2.png]
[iceico.in/assets/img/1024px-Google_2015_logo 1-1.png]
[iceico.in/assets/img/1024px-Google_2015_logo 1-3.png]
[iceico.in/assets/img/download (8).png]
[iceico.in/assets/img/DXP mobile-min.jpg]
[iceico.in/assets/img/headless CMS mobile-1.jpg]
[iceico.in/digital-experiences.html]
[iceico.in/assets/img/dv-landing-data-driven-strategy.jpg]
[iceico.in/assets/img/dv-landing-end-to-end-experience.jpg]
[iceico.in/assets/img/dv-landing-full-stack-engineering.jpg]
[iceico.in/assets/img/dv-th-new-ventures-1.jpg]
[iceico.in/assets/img/dv-th-digital-transformation-1.jpg]
[iceico.in/assets/img/dv-th-driving-growth-1.jpg]
[iceico.in/assets/img/dv-th-design-systems.jpg]
[iceico.in/assets/img/dv-th-xs-branding.jpg]
[iceico.in/assets/img/Frame 4158.png]
[iceico.in/assets/img/sandisk-3.jpg]
[iceico.in/assets/img/star-alliance-hl4.jpg]
[iceico.in/assets/img/fluent-1.jpg]
[iceico.in/assets/img/intel-1.jpg]
[iceico.in/assets/img/Building a design system from scratch-4.png]
[iceico.in/digital-ventures.html]
[iceico.in/assets/img/Content Services Platform_Banner.jpg]
[iceico.in/assets/img/ECM-blog-featured.jpg]
[iceico.in/assets/img/shutterstock_1223067655-1.jpg]
[iceico.in/ecm-&-portals.html]
[iceico.in/assets/img/image-Dec-07-2022-05-37-03-9576-AM.png]
[iceico.in/assets/img/image-Dec-07-2022-05-37-03-4958-AM.png]
[iceico.in/assets/img/image-Dec-07-2022-05-37-03-7110-AM.png]
[iceico.in/assets/img/image-Dec-07-2022-05-37-03-1437-AM.png]
[iceico.in/assets/img/image-Dec-07-2022-05-37-02-9461-AM.png]
[iceico.in/assets/img/image-Dec-07-2022-05-37-02-7292-AM.png]
[iceico.in/assets/img/usability-engg-m-min.jpg]
[iceico.in/assets/img/Railcar.jpg]
[iceico.in/assets/img/Picture2-ServiceNow-1.jpg]
[iceico.in/assets/img/IoT-devices-M.webp]
[iceico.in/assets/img/Wireless-RF-Communication-M-min.jpg]
[iceico.in/assets/img/wireless_M-min.jpg]
[iceico.in/assets/img/Embedded-Safety-critical-M-min.jpg]
[iceico.in/assets/img/Embedded-OS-M-min.jpg]
[iceico.in/embedded.html]
[iceico.in/assets/img/ent1.jpg]
[iceico.in/assets/img/ent2.webp]
[iceico.in/enterprising consu.html]
[iceico.in/assets/img/ent3.webp]
[iceico.in/assets/img/Siemens_Color-New.png]
[iceico.in/assets/img/ERP_1500x955.jpg]
[iceico.in/assets/img/Streamlining global operations with Oracle ERP Platform_case study tile.jpg]
[iceico.in/assets/img/Salesforce-nagarro_case study tile.jpg]
[iceico.in/assets/img/SAP.png]
[iceico.in/assets/img/rs_logo_web.png]
[iceico.in/assets/img/erp1.webp]
[iceico.in/assets/img/erp2.webp]
[iceico.in/assets/img/erp3.webp]
[iceico.in/erp.html]
[iceico.in/assets/img/d459f7a6-3c3f-4134-a919-7a1d00e7b7cb.png]
[iceico.in/assets/img/385-3854337_keycloak-logo-600px-keycloak-spring.png]
[iceico.in/identify man.html]
[iceico.in/assets/img/inno1.webp]
[iceico.in/assets/img/inno2.webp]
[iceico.in/assets/img/inno3.webp]
[iceico.in/assets/img/inno4.webp]
[iceico.in/assets/img/inno5.webp]
[iceico.in/assets/img/inno6.jpg]
[iceico.in/inovation.html]
[iceico.in/assets/img/img2.1.webp]
[iceico.in/assets/img/img2.2.jpg]
[iceico.in/assets/img/img2.3.webp]
[iceico.in/assets/img/img2.4.webp]
[iceico.in/assets/img/img2.5.webp]
[iceico.in/assets/img/img2.6.webp]
[iceico.in/internet of things.html]
[iceico.in/assets/img/3d-printing.png]
[iceico.in/assets/img/cold-chain-monitoring.png]
[iceico.in/assets/img/Palfinger-Success-Story-Tile-min.jpg]
[iceico.in/assets/img/BMP_0334-1.jpg]
[iceico.in/assets/img/Low-code-featured-tile.jpg]
[iceico.in/assets/img/MicrosoftTeams-image (10)-1.png]
[iceico.in/assets/img/Simplifier-Logo-web-2000x378px-72dpi.jpg]
[iceico.in/assets/img/Manufacturing-Low-Code-M-min.jpg]
[iceico.in/assets/img/low code no code in India.jpg]
[iceico.in/assets/img/Nasscom report on Low Code No Code India.jpg]
[iceico.in/assets/img/low code MOBILE.jpg]
[iceico.in/assets/img/Low code platforms-financial services-digital transformation-Tile.jpg]
[iceico.in/low code.html]
[iceico.in/assets/img/Mainframe.jpg]
[iceico.in/assets/img/legacy and modernization.png]
[iceico.in/assets/img/COVID_AI.jpg]
[iceico.in/mainfraim & legacy.html]
[iceico.in/assets/img/Mobile app 720x442.jpg]
[iceico.in/assets/img/Digital 720x442.jpg]
[iceico.in/assets/img/mobile testing 720x442.png]
[iceico.in/assets/img/intelligent 720x442.jpg]
[iceico.in/assets/img/Mobile application development programme 720x442.jpg]
[iceico.in/assets/img/Improve mobile testing_720x442.png]
[iceico.in/mobility solu.html]
[iceico.in/assets/img/5 common Jira myths 720x442.jpg]
[iceico.in/assets/img/GDPR.jpg]
[iceico.in/process consulting.html]
[iceico.in/assets/img/Product_Ideation.jpg]
[iceico.in/assets/img/Security_1200x628px (3).jpg]
[iceico.in/assets/img/identifying-right-partners-for-software-product-development.jpg]
[iceico.in/product engeeniring.html]
[iceico.in/assets/img/Resilience Engineering Framework_Nagarro.png]
[iceico.in/assets/img/AdobeStock_205600059_RE.jpg]
[iceico.in/assets/img/Chaos engineering for banking and payments_tile.jpg]
[iceico.in/assets/img/Resilience testing_chaos engineering_mobile.jpg]
[iceico.in/assets/img/Disaster recovery plan implementation in chaos engineering_tile.jpg]
[iceico.in/assets/img/implementing chaos engineering_challenges and pitfalls-D-min_newsletter tile.jpg]
[iceico.in/assets/img/business resilience ebook landing page_mobile.jpg]
[iceico.in/assets/img/Chaos-engineering-outage-M-min.jpg]
[iceico.in/assets/img/Chaos engineering_outages-Insights-Tile.jpg]
[iceico.in/assets/img/Nagarro ISV Survey - Assessment of system resiliency.png]
[iceico.in/resilience_engineering.html]
[iceico.in/assets/img/klosterfrau.jpg]
[iceico.in/assets/img/MicrosoftTeams-image (86) 1.png]
[iceico.in/assets/img/MicrosoftTeams-image (85) 1 (1).png]
[iceico.in/assets/img/MicrosoftTeams-image (87) 1.png]
[iceico.in/assets/img/MicrosoftTeams-image (87) 1 (1).png]
[iceico.in/assets/img/Klosterfrau tile.jpg]
[iceico.in/assets/img/Siemens mobility tile.jpg]
[iceico.in/assets/img/Dussman tile-1.jpg]
[iceico.in/sap_services.html]
[iceico.in/assets/img/tenable.png]
[iceico.in/assets/img/download (1).png]
[iceico.in/assets/img/f0854570fe178f50f3d2844e0ead6986.png]
[iceico.in/assets/img/SSC.png]
[iceico.in/assets/img/Security-Blog-Part-2-Tile.jpg]
[iceico.in/assets/img/Security-Blog-Part-1-Tile.jpg]
[iceico.in/assets/img/Security-blog3.png]
[iceico.in/assets/img/Security-blog5.png]
[iceico.in/assets/img/Security-blog2.png]
[iceico.in/security.html]
[iceico.in/assets/img/TechComm-Tile.jpg]
[iceico.in/assets/img/How good UX writing creates better customer experience and a successful app_F.jpg]
[iceico.in/assets/img/InteractiveWalkthroughs_Featured.jpg]
[iceico.in/assets/img/Chatbot personality 1200x671.jpg]
[iceico.in/assets/img/Technical documentation_Featured image_1.jpg]
[iceico.in/technical_communication.html]
[iceico.in/assets/img/SWQL_logo_4C_227x102.png]
[iceico.in/assets/img/Services_Trainings_Agile.png]
[iceico.in/assets/img/Services_Trainings_Testing.png]
[iceico.in/assets/img/Services_Trainings_Requirements Engineering.png]
[iceico.in/assets/img/Services_Trainings_Development.png]
[iceico.in/assets/img/Services_Trainings_More trainings.png]
[iceico.in/trainings.html]
[iceico.in/assets/img/impact of digital on telcos.jpg]
[iceico.in/assets/img/Media_720x442.png]
[iceico.in/transformation.html]
[iceico.in/assets/img/Trends that matter to product managers.jpg]
[iceico.in/assets/img/landing-page_Inspire_2023 (1).jpg]
[iceico.in/assets/img/sap-s4hana-blog.jpg]
[iceico.in/assets/img/Dussman banner-min (3).jpg]
[iceico.in/assets/img/klosterfrau-2.jpg]
[iceico.in/assets/img/Building smart non-profits with automation.jpg]
[iceico.in/assets/img/team.png]
[iceico.in/assets/img/Data analytics banner.jpg]
[iceico.in/assets/img/Adopt FinOps_ebook.jpg]
[iceico.in/assets/img/Louisville_Kentucky_Nascio-Desk-min.jpg]
[iceico.in/assets/img/Florida_Orlando_Gartner_Event-D.jpg]
[iceico.in/assets/img/NYS-Digital-Summit-Albany-NY-D-min.jpg]
[iceico.in/assets/img/Building a Data Lakehouse solution on Azure and Databricks for better reporting, visualization, and insights.jpg]
[iceico.in/assets/img/K-12 education.jpg]
[iceico.in/assets/img/data mesh explained_data architecture-1.jpg]
[iceico.in/assets/img/MicrosoftTeams-image (13)-4.png]
[iceico.in/assets/img/impact of sales enablement with automation.jpg]
[iceico.in/assets/img/Star Alliance_Creating an intuitive, rich UI and state-of-the-art CMS portal.jpg]
[iceico.in/assets/img/measure fundraising success of nonprofits.jpg]
[iceico.in/assets/img/Web3-Desk-min.jpg]
[iceico.in/assets/img/Edge-computing-D-min.jpg]
[iceico.in/assets/img/Nagarro_Blog_default_image_desktop.jpg]
[iceico.in/assets/img/Money_2020.png]
[iceico.in/assets/img/intelligent decision-making_desktop.jpg]
[iceico.in/assets/img/Building a 360-degree customer view_Banner.jpg]
[iceico.in/assets/img/Quality 4.0 – evolution, principles, and tools for implementation-D-min.jpg]
[iceico.in/assets/img/DevOps for databases-d-1-min.jpg]
[iceico.in/assets/img/Omnichannel sales in B2B-D-min.jpg]
[iceico.in/assets/img/AdobeStock_280704717_banner.jpg]
[iceico.in/assets/img/AdobeStock_359397898_Open_Banking_WhitePaper_Banner.jpg]
[iceico.in/assets/img/Avista_banner-new4.jpg]
[iceico.in/assets/img/Choosing the right strategy for Industrial IoT and a resilient smarter factory-D-min.jpg]
[iceico.in/assets/img/apim-aviation-webinar-2.jpg]
[iceico.in/assets/img/Smart Ticketing – Enabling multi-modality-D-min.jpg]
[iceico.in/assets/img/thumb.jpg]
[iceico.in/assets/img/PALFINGER_Loader_Cranes_20200312-PK48002TEC7_3-500_Operator_Bildschirm-D-min.jpg]
[iceico.in/assets/img/MicrosoftTeams-image (23)-2.png]
[iceico.in/assets/img/mobile apps for sales and dealers_desktop.jpg]
[iceico.in/assets/img/building resilience for power utilities to manage threats_mobile.jpg]
[iceico.in/assets/img/Swiss2.jpg]
[iceico.in/assets/img/Banking-D-min.jpg]
[iceico.in/assets/img/MicrosoftTeams-image (59).jpg]
[iceico.in/assets/img/Web.jpg]
[iceico.in/assets/img/Article_Ideation to adoption_Header image.jpg]
[iceico.in/assets/img/New Distribution Capability in Airlines-D-min.jpg]
[iceico.in/assets/img/Low-code.jpg]
[iceico.in/assets/img/low code.jpg]
[iceico.in/assets/img/AutomotiveHomepage_Background.png]
[iceico.in/assets/img/AdobeStock_305628557_banner.jpg]
[iceico.in/assets/img/Devops_banner-new.jpg]
[iceico.in/assets/img/Mask Group-2.png]
[iceico.in/assets/img/Tesvolt_Digital_transformation-new.png]
[iceico.in/assets/img/Automated feed generation_public broadcaster.jpg]
[iceico.in/assets/img/AIML_telcos.jpg]
[iceico.in/assets/img/LMS-Blog-D-min.jpg]
[iceico.in/assets/img/RPA-Banking-D-min.jpg]
[iceico.in/assets/img/EB-banner.jpg]
[iceico.in/assets/img/KYC-Conundrum-D-min.jpg]
[iceico.in/assets/img/Responsible-Casino-Gaming-D-min.jpg]
[iceico.in/assets/img/Airbus-A330300-at-JFK-International-Airport-000022830961_Full (2)-new.jpg]
[iceico.in/assets/img/Intelligent-Supply-Chain-D.jpg]
[iceico.in/assets/img/Automic_Case_Study_banner1-1.jpg]
[iceico.in/assets/img/AdobeStock_403024148.jpg]
[iceico.in/assets/img/AdobeStock_341429186.jpg]
[iceico.in/assets/img/EdgeComputing for Oil-Gas-Banner-desk-min.jpg]
[iceico.in/assets/img/VirtualEventsPlatform-Desk-min.jpg]
[iceico.in/assets/img/Request to Pay-desk-min.jpg]
[iceico.in/assets/img/JiraCloud-Desk.jpg]
[iceico.in/assets/img/Atlassian Landing Page Banner.png]
[iceico.in/assets/img/robot hand and human hand signifying test automation.jpg]
[iceico.in/assets/img/Insurance-customer-B-min.jpg]
[iceico.in/assets/img/TestAutomation-Web.jpg]
[iceico.in/assets/img/8_1272x550.png]
[iceico.in/assets/img/legacy code refactoring in test automation-B.jpg]
[iceico.in/assets/img/Tips to take your business online amid COVID-19 crisis-1.jpg]
[iceico.in/assets/img/Role Of Microfinance (MFIs) In Financial Inclusion-B.jpg]
[iceico.in/assets/img/Enhance Airline Passenger Experience with Augmented Reality.jpg]
[iceico.in/assets/img/Omnichannel_Banner.webp]
[iceico.in/assets/img/8 recipes blog testing_tile-1 (1).jpg]
[iceico.in/assets/img/Oracle CPQ featured.jpg]
[iceico.in/assets/img/Gaming-Development-M-min.jpg]
[iceico.in/assets/js/loadMore.js]
[iceico.in/modernize.html]
[iceico.in/assets/img/Shift left the new savior.png]
[iceico.in/assets/img/AdobeStock_304603275-min-AG.jpg]
[iceico.in/assets/img/building a resilient ecommerce store for better customer experience.jpg]
[iceico.in/assets/img/Apis-in-insurance-Panel-discussion-D-min.jpg]
[iceico.in/assets/img/Integrating data and advanced analytics in decision-making.jpg]
[iceico.in/assets/img/DevOps 2022-Banner Desktop.png]
[iceico.in/assets/img/Adopt GreenOps for cloud sustainability-1.jpg]
[iceico.in/assets/img/Accelerating-Digitalization-Through-Low-code-D-min.jpg]
[iceico.in/assets/img/Minimize cloud costs with FinOps.jpg]
[iceico.in/optimize.html]
[iceico.in/assets/img/BDD_desk.jpg]
[iceico.in/assets/img/Innovation_Blog_desktop.jpg]
[iceico.in/assets/img/DevOps-Myth-True-D-min.jpg]
[iceico.in/assets/img/Partner enablement portal for better communication and collaboration.jpg]
[iceico.in/assets/img/Notable-live-Desk.webp]
[iceico.in/assets/img/AI-Intelligent-Enterprise-Search-D-min.jpg]
[iceico.in/assets/img/Railcar banner-min.png]
[iceico.in/assets/img/Testing-SS-D-min.jpg]
[iceico.in/assets/img/Virtual realty banner-min.jpg]
[iceico.in/innovate.html]
[iceico.in/assets/img/usability-engg-d-min.jpg]
[iceico.in/assets/img/Agile-fragile-D-min.jpg]
[iceico.in/assets/img/MWC 2023 - LP image 2.jpg]
[iceico.in/assets/img/Flutter-World-Cup-Article-D-min.jpg]
[iceico.in/assets/img/TNT Series - TBreakthroughs_Blog_Desktop.jpg]
[iceico.in/assets/img/Wireless-RF-Communication-D-min.jpg]
[iceico.in/assets/img/APIM-Data-Security-D-min.jpg]
[iceico.in/assets/img/MicrosoftTeams-image (77).png]
[iceico.in/assets/img/Wireless_D-min.jpg]
[iceico.in/assets/img/Metaverse blog banner-min.jpg]
[iceico.in/assets/img/Railcare-D-min.jpg]
[iceico.in/assets/img/Connected services banner-min.jpg]
[iceico.in/assets/img/DevOPS background.png]
[iceico.in/disrupt.html]
[iceico.in/assets/img/Tourist-mobile-app-D-min.webp]
[iceico.in/assets/img/APIM-Digital-Transformation-D-min.jpg]
[iceico.in/assets/img/IoT-devices-D.webp]
[iceico.in/assets/img/Scaling_Agile_Framework_White_Paper.png]
[iceico.in/assets/img/BMP_0334.jpg]
[iceico.in/assets/img/Commercial vehciles banner-min (1).jpg]
[iceico.in/assets/img/Evaluating MLOps & its aspects – Desktop Banner.png]
[iceico.in/transform.html]
[iceico.in/assets/img/Deep opinion extraction via opinion mining.jpg]
[iceico.in/assets/img/PV article banner.jpg]
[iceico.in/assets/img/Transforming supply chain banner.jpg]
[iceico.in/assets/img/AdobeStock_101679667-banner.jpg]
[iceico.in/assets/img/Intelligent claims processing with AI-based Hyperautomation platform-banner.jpg]
[iceico.in/assets/img/Last-mile-delivery_banner.jpg]
[iceico.in/assets/img/OEM_document_banner-new2.jpg]
[iceico.in/assets/img/banner website-min-1.jpg]
[iceico.in/assets/img/AdobeStock_384476407.jpg]
[iceico.in/assets/img/Close up of businessman hand holding brain in palm.jpg]
[iceico.in/ai_ml.html]
[iceico.in/assets/img/BI Blog-Web.jpg]
[iceico.in/assets/img/OBB Postbus_Banner.webp]
[iceico.in/assets/img/Blog 1 Lemettinen-1.webp]
[iceico.in/assets/img/Predictive analytics_Banner.webp]
[iceico.in/data_science.html]
[iceico.in/assets/img/Smart-City.jpg]
[iceico.in/assets/img/iQuest-AWS-Azure-Desk-Banner-min.jpg]
[iceico.in/assets/img/IoTPredictiveMaintenance-B-min.jpg]
[iceico.in/assets/img/Ss-min.jpg]
[iceico.in/assets/img/Hyperconnected_Blog_Banner.jpg]
[iceico.in/assets/img/Double exposure of businessman shows modern technology as concept.jpg]
[iceico.in/assets/img/Technology Enabler@2x (1).png]
[iceico.in/iot.html]
[iceico.in/assets/img/Manufacturing-Low-Code-D-min.jpg]
[iceico.in/assets/img/Low code platforms-financial services-digital transformation-B.jpg]
[iceico.in/low_code_ins.html]
[iceico.in/assets/img/AdobeStock_437903717.jpg]
[iceico.in/assets/img/people crowd walking on busy street on daytime.jpg]
[iceico.in/assets/img/Webinar BFS-API_banner.jpg]
[iceico.in/assets/img/Open banking_webinar_Banner.jpg]
[iceico.in/assets/img/APIM_aviation-banner-2.jpg]
[iceico.in/assets/img/webinar_BFSI-APIM_banner.jpg]
[iceico.in/assets/img/AutomotiveAPIM_webinar_banner.jpg]
[iceico.in/assets/img/api_WP-_1.jpg]
[iceico.in/assets/img/cover_whitepaper-1.jpg]
[iceico.in/assets/img/MicrosoftTeams-image (4).png]
[iceico.in/api_ins.html]
[iceico.in/assets/img/leadership-blog.jpg]
[iceico.in/assets/img/Webinar_Leadership_Desktop.jpg]
[iceico.in/assets/img/DevOps-Pipelines-D-min.jpg]
[iceico.in/assets/img/Squeed-Testing-SS_D-min.jpg]
[iceico.in/aqt.html]
[iceico.in/assets/img/Implementing Cloud FinOps – why is it important_desktop.jpg]
[iceico.in/assets/img/Finops blog banner.jpg]
[iceico.in/assets/img/BigData_desktop.jpg]
[iceico.in/assets/img/MentorMe Success Story_Modernizing a mentoring platform.jpg]
[iceico.in/assets/img/DI21_000040592_Connected_Music.jpg]
[iceico.in/cloud_ins.html]
[iceico.in/assets/img/Gaming-Development-D-min.jpg]
[iceico.in/assets/img/Cultivating an agile mindset for Veroo-1.jpg]
[iceico.in/assets/img/Inner-Superhero-D-min.jpg]
[iceico.in/assets/img/Myths-of-agility-D-min.jpg]
[iceico.in/assets/img/MicrosoftTeams-image (22).png]
[iceico.in/assets/img/agile blog - cover 1.jpg]
[iceico.in/agile_ins.html]
[iceico.in/assets/img/DevOps-1-D-min.jpg]
[iceico.in/assets/img/implementing chaos engineering_challenges and pitfalls-D-min.jpg]
[iceico.in/assets/img/Legacy-modernize_banner.jpg]
[iceico.in/assets/img/Chaos-engineering-outage-D-min.jpg]
[iceico.in/assets/img/AdobeStock_456677543_banner.jpg]
[iceico.in/devops_ins.html]
[iceico.in/assets/img/Chaos engineering for banking and payments.jpg]
[iceico.in/assets/img/Resilience testing_chaos engineering.jpg]
[iceico.in/assets/img/Disaster recovery plan implementation in chaos engineering.jpg]
[iceico.in/assets/img/Resilence-Testing_tools-D-min.jpg]
[iceico.in/assets/img/Chaos-Kubernetes-D.jpg]
[iceico.in/assets/img/Chaos engineering_outages-1.jpg]
[iceico.in/assets/img/DevOps-1.jpg]
[iceico.in/chaos_engineering.html]
[iceico.in/assets/img/Team disucssion.jpg]
[iceico.in/assets/img/Data governance framework banner-min.jpg]
[iceico.in/assets/img/salesforce-webinar-lp-desktop-1440x7002x.jpg]
[iceico.in/data_mesh.html]
[iceico.in/assets/img/Analytics for automakers.png]
[iceico.in/assets/img/Mobility-crop-1.jpg]
[iceico.in/assets/img/P90443575_bmw-motorrad-rider-e_Rent_a_bike.jpg]
[iceico.in/assets/img/Bmw_case-study2-1.png]
[iceico.in/assets/img/Cross industry collaborations – Catena X Automotive Network-D-min.webp]
[iceico.in/assets/img/Automotive-Recalls-D-min.jpg]
[iceico.in/automotive_ins.html]
[iceico.in/assets/img/AdobeStock_117420444_.jpg]
[iceico.in/assets/img/Fraud_main.jpg]
[iceico.in/assets/img/life-style-banking-app-main_2.jpg]
[iceico.in/assets/img/APIM-BFSI_Banner.jpg]
[iceico.in/assets/img/DigitalAccountOpening-Banner-min.jpg]
[iceico.in/assets/img/Non-bankingNetwork-B.jpg]
[iceico.in/banking_financial_ins.html]
[iceico.in/assets/img/Insurance-Platform-Success-Story-D-min.jpg]
[iceico.in/assets/img/Insurance_New (1).png]
[iceico.in/insurance_ins.html]
[iceico.in/assets/img/upstream_banner-new1.jpg]
[iceico.in/assets/img/Copyright ╕Powerlines Group GmbH_Montage1-1.jpg]
[iceico.in/assets/img/energy&utilities2.jpg]
[iceico.in/assets/img/Shredder_UC_1200_0439_“Photorights ANDRITZ”.png]
[iceico.in/assets/img/Header.png]
[iceico.in/energy_ins.html]
[iceico.in/assets/img/Telecom-gaming-D-min.jpg]
[iceico.in/assets/img/Crypto and blockchain in iGaming-D-min.jpg]
[iceico.in/assets/img/Online-Casino-Gaming-1.jpg]
[iceico.in/assets/img/Onlinegaming-B.jpg]
[iceico.in/assets/img/tips to develop a great slot game-Ba.jpg]
[iceico.in/assets/img/partnership_1272x550.jpg]
[iceico.in/gaming_ins.html]
[iceico.in/assets/img/isv00.webp]
[iceico.in/assets/img/isv1.webp]
[iceico.in/assets/img/isv2.webp]
[iceico.in/assets/img/isv3.webp]
[iceico.in/assets/img/isv4.webp]
[iceico.in/assets/img/isv5.webp]
[iceico.in/assets/img/isv6.webp]
[iceico.in/assets/img/isv7.webp]
[iceico.in/assets/img/isv8.jpg]
[iceico.in/assets/img/isv9.webp]
[iceico.in/assets/img/isv10.webp]
[iceico.in/assets/img/isv11.webp]
[iceico.in/assets/img/isv12.webp]
[iceico.in/isv_ins.html]
[iceico.in/assets/img/life00.webp]
[iceico.in/assets/img/l1.webp]
[iceico.in/assets/img/l2.webp]
[iceico.in/assets/img/l3.webp]
[iceico.in/assets/img/l4.webp]
[iceico.in/assets/img/l5.webp]
[iceico.in/assets/img/l6.webp]
[iceico.in/assets/img/l7.webp]
[iceico.in/life_science_ins.html]
[iceico.in/assets/img/l8.webp]
[iceico.in/assets/img/media00.webp]
[iceico.in/assets/img/media1.jpg]
[iceico.in/assets/img/media2.webp]
[iceico.in/assets/img/media3.webp]
[iceico.in/assets/img/media4.webp]
[iceico.in/assets/img/media5.webp]
[iceico.in/assets/img/media6.webp]
[iceico.in/assets/img/media9.webp]
[iceico.in/media_ins.html]
[iceico.in/assets/img/retail00.jpg]
[iceico.in/assets/img/re1.webp]
[iceico.in/assets/img/re2.webp]
[iceico.in/assets/img/re3.webp]
[iceico.in/assets/img/re4.webp]
[iceico.in/assets/img/re5.webp]
[iceico.in/assets/img/re6.webp]
[iceico.in/assets/img/re7.jpg]
[iceico.in/retail_cpg_ins.html]
[iceico.in/assets/img/ins_tele1.jpg]
[iceico.in/assets/img/ins_tele2.jpg]
[iceico.in/assets/img/ins_tele3.jpg]
[iceico.in/assets/img/ins_tele5.webp]
[iceico.in/assets/img/ins_tele6.webp]
[iceico.in/assets/img/ins_tele7.webp]
[iceico.in/assets/img/ins_tele8.webp]
[iceico.in/assets/img/ins_tele9.webp]
[iceico.in/assets/img/ins_tele10.jpg]
[iceico.in/assets/img/ins_tele11.jpg]
[iceico.in/assets/img/ins_tele12.webp]
[iceico.in/assets/img/ins_tele13.webp]
[iceico.in/assets/img/ins_tele14.jpg]
[iceico.in/assets/img/ins_tele15.webp]
[iceico.in/assets/img/ins_tele16.png]
[iceico.in/telecommunications_ins.html]
[iceico.in/assets/img/ins_trawel1.jpg]
[iceico.in/assets/img/ins_travel2.jpg]
[iceico.in/assets/img/ins_travel3.jpg]
[iceico.in/assets/img/ins_travel4.webp]
[iceico.in/assets/img/ins_travel5.webp]
[iceico.in/assets/img/ins_travel6.jpg]
[iceico.in/assets/img/ins_travel7.webp]
[iceico.in/assets/img/ins_travel9.webp]
[iceico.in/assets/img/ins_travel10.webp]
[iceico.in/assets/img/ins_travel12.png]
[iceico.in/assets/img/ins_travel15.png]
[iceico.in/assets/img/ins_travelmen.png]
[iceico.in/travel_ins.html]
[iceico.in/assets/img/ins_industry1.webp]
[iceico.in/assets/img/ins_ind1.webp]
[iceico.in/assets/img/ins_ind2.jpg]
[iceico.in/assets/img/ins_ind3.jpg]
[iceico.in/assets/img/ins_ind4.jpg]
[iceico.in/assets/img/ins_ind5.jpg]
[iceico.in/assets/img/ins_ind6.jpg]
[iceico.in/assets/img/indauto1.jpg]
[iceico.in/assets/img/indauto2.jpg]
[iceico.in/assets/img/indauto3.jpg]
[iceico.in/assets/img/indauto4.jpg]
[iceico.in/assets/img/indauto5.jpg]
[iceico.in/assets/img/indauto6.jpg]
[iceico.in/industry_ins.html]
[iceico.in/assets/img/nonprofitinsback.jpg]
[iceico.in/assets/img/npe1.webp]
[iceico.in/assets/img/npe2.webp]
[iceico.in/assets/img/npe3.webp]
[iceico.in/assets/img/npe4.webp]
[iceico.in/assets/img/npe5.webp]
[iceico.in/assets/img/npe6.webp]
[iceico.in/assets/img/npe7.webp]
[iceico.in/non_profits_ins.html]
[iceico.in/assets/img/insps1.webp]
[iceico.in/assets/img/insps2.webp]
[iceico.in/assets/img/insps3.jpg]
[iceico.in/assets/img/insps4.webp]
[iceico.in/assets/img/insps5.webp]
[iceico.in/assets/img/insps6.webp]
[iceico.in/assets/img/insps7.jpg]
[iceico.in/assets/img/insps8ps.webp]
[iceico.in/assets/img/insps9.webp]
[iceico.in/assets/img/insps10.jpg]
[iceico.in/assets/img/insps11.webp]
[iceico.in/public_sector_ins.html]
[cdn.jsdelivr.net/npm/bootstrap@5.3.0/dist/css/bootstrap.min.css]
[cdnjs.cloudflare.com/ajax/libs/font-awesome/6.4.0/css/all.min.css]
[ajax.googleapis.com/ajax/libs/jquery/3.6.0/jquery.min.js]
[stackpath.bootstrapcdn.com/bootstrap/5.3.0/js/bootstrap.bundle.min.374.delayed]
[iceico.in/assets/img/images/10.png]
[iceico.in/assets/img/images/1.jpg]
[iceico.in/assets/img/images/2.jpg]
[iceico.in/assets/img/images/3.jpg]
[iceico.in/assets/img/images/4.jpg]
[iceico.in/assets/img/images/5.jpg]
[iceico.in/assets/img/images/6.jpg]
[iceico.in/maintenance.html]
[cdn.jsdelivr.net/npm/bootstrap@5.3.0/dist/js/bootstrap.bundle.min.js]
[iceico.in/assets/img/unsplash_fv1EFjgIb94-removebg-preview 1.png]
[iceico.in/assets/img/04.png]
[iceico.in/assets/img/05.png]
[iceico.in/canyoutrustus.html]
[iceico.in/assets/img/Polygon 1.png]
[iceico.in/assets/img/06.png]
[iceico.in/assets/img/07.png]
[iceico.in/assets/img/08.png]
[iceico.in/assets/img/09.png]
[iceico.in/assets/img/10.png]
[iceico.in/reasontojoin.html]
[iceico.in/action.html]
[iceico.in/another_action.html]
[iceico.in/else_here.html]
[cdnjs.cloudflare.com/ajax/libs/font-awesome/6.2.1/css/all.min.css]
[cdnjs.cloudflare.com/ajax/libs/font-awesome/6.3.0/css/all.min.css]
[code.jquery.com/jquery-3.6.0.min.js]
[cdnjs.cloudflare.com/ajax/libs/jquery-validate/1.19.3/jquery.validate.min.js]
[iceico.in/contact_us.html]
[iceico.in/blog.html]
[iceico.in/assets/vendor/boxicons/fonts/boxiconsd41d.svg]
[iceico.in/assets/img/digital-futuristic-technology-particle-wave-design_1017-30515.html]
[iceico.in/assets/img/footer-bg.html]
[cdn.jsdelivr.net/npm/bootstrap@5.0.2/dist/css/bootstrap.min.css]
[cdn.jsdelivr.net/npm/bootstrap@5.1.3/dist/js/bootstrap.bundle.min.js]
[www.nagarro.com/hubfs/NagarroWebsiteRedesign-Aug2020/Assets/Images/Icons/blue-arrow.png]
[iceico.in/assets/css/img_slider.css]
[iceico.in/assets/css/drager.css]
[iceico.in/assets/css/slider.css]
[iceico.in/assets/css/slide_animation.css]
[iceico.in/hubfs/nagarro_LifeScience_Healthcare_2022_wrap-up.html]
[iceico.in/en/success-stories/co-creating-safer-world-confidential-hiv-testing-at-home.html]
[iceico.in/en/news-press-release/nagarro-iso13485-certified-medical-devices.html]
[iceico.in/en/blog/global-medical-device-market-analysis.html]
[iceico.in/assets/img/Arcondis logo_svg.svg]
[iceico.in/assets/img/Amazon_Web_Services_Logo 1.svg]
[iceico.in/assets/img/BioT logo_svg.svg]
[iceico.in/assets/img/Microsoft_logo_(2012) 1.svg]
[iceico.in/assets/img/Google_Cloud_Logo 1.svg]
[iceico.in/assets/css/slick.min.css]
[www.nagarro.com/hubfs/NagarroWebsiteRedesign-Aug2020/Assets/Images/Icons/quote-start.png]
[www.nagarro.com/hubfs/NagarroWebsiteRedesign-Aug2020/Assets/Images/Icons/quote-end.png]
[www.nagarro.com/hubfs/NagarroWebsiteRedesign-Aug2020/Assets/Images/Icons/Vector 7.png]
[www.nagarro.com/hubfs/NagarroWebsiteRedesign-Aug2020/Assets/Images/Icons/arrow-active.png]
[iceico.in/assets/css/MultipleTestimonial_Slider.min.css]
[iceico.in/assets/css/layout.min.css]
[cdnjs.cloudflare.com/ajax/libs/font-awesome/5.15.4/css/all.min.css]
[kit.fontawesome.com/4669dfa340.html]
[iceico.in/assets/img/Integrating.html]
[iceico.in/assets/img/Data.html]
[iceico.in/assets/img/ic_twitter.svg]
[iceico.in/assets/img/ic_sony.svg]
[iceico.in/assets/img/ic_rms.svg]
[iceico.in/assets/img/ic_sandisk.svg]
[iceico.in/assets/img/ic_adt.svg]
[iceico.in/assets/img/ic_loreal.svg]
[iceico.in/assets/img/microsoft-azure.svg]
[iceico.in/assets/img/Palfinger_logo.svg]
[iceico.in/assets/img/Modernizing.html]
[iceico.in/assets/img/Metal.html]
[iceico.in/assets/img/Improve.html]
[iceico.in/assets/img/Cultivating.html]
[iceico.in/assets/img/building.html]
[iceico.in/assets/img/AI4T_Data.html]
[iceico.in/assets/img/Automotive.html]
[iceico.in/assets/img/Metaverse.html]
[iceico.in/assets/img/ins_tele4.html]
[iceico.in/assets/img/ins_travel16.html]
[cdn.jsdelivr.net/npm/bootstrap@5.3.0/dist/css/bootstrap.min.css]
[cdnjs.cloudflare.com/ajax/libs/font-awesome/6.4.0/css/all.min.css]
[stackpath.bootstrapcdn.com/bootstrap/5.3.0/js/bootstrap.bundle.min.js]
[iceico.in/assets/img/images/1.svg]
[iceico.in/assets/img/images/2.svg]
[iceico.in/assets/img/images/3.svg]
[iceico.in/assets/img/images/4.svg]
[iceico.in/assets/img/images/5.svg]
[iceico.in/assets/img/images/6.svg]
[iceico.in/assets/img/images/7.svg]
[iceico.in/assets/img/images/8.svg]
[iceico.in/assets/img/images/9.svg]
[iceico.in/assets/img/.html]
[cdnjs.cloudflare.com/ajax/libs/font-awesome/6.2.1/css/all.min.css]
[cdnjs.cloudflare.com/ajax/libs/font-awesome/6.3.0/css/all.min.css]
[iceico.in/images/ico/apple-touch-icon-144.html]
[iceico.in/images/ico/apple-touch-icon-114.html]
[iceico.in/images/apple-touch-icon-72.html]
[iceico.in/images/ico/apple-touch-icon-57.html]
[iceico.in/images/ico/favicon.html]
[iceico.in/iceico.html]
[iceico.in/assets/img/Azurey.html]
[iceico.in/assets/img/IDP_white-paper-banner.jpg]
[www.iceico.com/hubfs/tomhorn-portfolio (1).png]
